#batteryCapacity:6000;;
#steerLimits:0;;
#kl:0;;
#kl:30;;
#instant:1;;
#battery:1;;
#imu:1;;
#resourceMonitor:1;;
#speed:-50;;
#speed:-100;;
#speed:-50;;
#speed:0;;
#brake:0;;
#brake:0;;
#speed:50;;
#speed:100;;
#speed:150;;
#speed:200;;
#speed:150;;
#speed:100;;
#speed:50;;
#speed:0;;
#speed:-50;;
#speed:0;;
#speed:50;;
#speed:100;;
#speed:150;;
#speed:200;;
#speed:250;;
#speed:300;;
#speed:350;;
#speed:400;;
#speed:350;;
#speed:300;;
#speed:250;;
#speed:200;;
#speed:150;;
#speed:100;;
#speed:50;;
#speed:0;;
#speed:50;;
#speed:100;;
#speed:150;;
#speed:100;;
#speed:50;;
#speed:0;;
#speed:-50;;
#speed:-100;;
#speed:-150;;
#speed:-200;;
#speed:-250;;
#speed:-300;;
#speed:-350;;
#speed:-400;;
#speed:-450;;
#speed:-500;;
#speed:-500;;
#speed:-500;;
#speed:-500;;
#speed:-500;;
#speed:-450;;
#speed:-400;;
#speed:-350;;
#speed:-300;;
#speed:-250;;
#speed:-200;;
#speed:-150;;
#speed:-100;;
#speed:-50;;
#speed:0;;
#speed:50;;
#speed:100;;
#speed:150;;
#speed:200;;
#speed:250;;
#speed:300;;
#speed:350;;
#speed:400;;
#speed:450;;
#speed:500;;
#speed:500;;
#speed:500;;
#speed:500;;
#speed:450;;
#speed:400;;
#speed:350;;
#speed:300;;
#speed:250;;
#speed:200;;
#speed:150;;
#speed:100;;
#speed:50;;
#speed:0;;
#speed:-50;;
#speed:-100;;
#speed:-150;;
#speed:-200;;
#speed:-250;;
#speed:-300;;
#speed:-350;;
#speed:-400;;
#speed:-450;;
#speed:-500;;
#speed:-500;;
#speed:-500;;
#speed:-500;;
#speed:-500;;
#speed:-500;;
#speed:-500;;
#speed:-450;;
#speed:-350;;
#speed:-300;;
#speed:-250;;
#speed:-200;;
#speed:-150;;
#speed:-100;;
#speed:-50;;
#speed:0;;
#speed:50;;
#speed:100;;
#speed:150;;
#steer:-25;;
#steer:-50;;
#steer:-25;;
#steer:-50;;
#steer:-25;;
#speed:200;;
#steer:-50;;
#steer:-75;;
#steer:-50;;
#speed:250;;
#steer:-75;;
#steer:-100;;
#steer:-75;;
#speed:300;;
#steer:-100;;
#steer:-125;;
#steer:-100;;
#speed:350;;
#steer:-125;;
#steer:-150;;
#steer:-175;;
#speed:400;;
#steer:-200;;
#steer:-225;;
#steer:-250;;
#steer:-225;;
#speed:450;;
#steer:-225;;
#speed:500;;
#steer:-225;;
#speed:500;;
#steer:-225;;
#steer:-200;;
#steer:-175;;
#speed:450;;
#steer:-150;;
#steer:-125;;
#steer:-100;;
#steer:-75;;
#steer:-50;;
#speed:400;;
#steer:-25;;
#steer:0;;
#speed:350;;
#speed:300;;
#speed:250;;
#speed:200;;
#speed:150;;
#speed:100;;
#speed:50;;
#speed:0;;
#speed:-50;;
#speed:-100;;
#steer:-50;;
#steer:-75;;
#steer:-100;;
#steer:-125;;
#steer:-100;;
#steer:-125;;
#steer:-150;;
#steer:-175;;
#steer:-150;;
#steer:-175;;
#steer:-200;;
#steer:-225;;
#steer:-250;;
#speed:-150;;
#speed:-200;;
#speed:-250;;
#speed:-300;;
#speed:-350;;
#speed:-400;;
#speed:-450;;
#steer:-225;;
#steer:-200;;
#steer:-175;;
#steer:-150;;
#steer:-125;;
#steer:-100;;
#steer:-75;;
#steer:-50;;
#steer:-25;;
#speed:-400;;
#steer:0;;
#speed:-350;;
#speed:-400;;
#speed:-350;;
#speed:-300;;
#speed:-250;;
#speed:-200;;
#speed:-150;;
#speed:-100;;
#speed:-50;;
#speed:0;;
#speed:50;;
#speed:100;;
#steer:25;;
#steer:50;;
#steer:75;;
#steer:100;;
#steer:125;;
#steer:150;;
#steer:175;;
#steer:200;;
#steer:225;;
#steer:250;;
#steer:225;;
#steer:200;;
#steer:175;;
#steer:150;;
#speed:150;;
#steer:125;;
#steer:100;;
#steer:75;;
#steer:50;;
#steer:25;;
#steer:0;;
#speed:200;;
#speed:250;;
#speed:300;;
#speed:350;;
#speed:400;;
#speed:450;;
#speed:500;;
#speed:500;;
#steer:-25;;
#steer:-50;;
#steer:-25;;
#steer:-50;;
#speed:500;;
#steer:-75;;
#steer:-50;;
#steer:-25;;
#steer:0;;
#steer:-25;;
#steer:-50;;
#steer:-25;;
#steer:0;;
#speed:450;;
#speed:400;;
#speed:350;;
#speed:300;;
#speed:250;;
#speed:200;;
#speed:150;;
#speed:100;;
#speed:50;;
#speed:0;;
#speed:-50;;
#speed:-100;;
#speed:-150;;
#steer:-25;;
#steer:-50;;
#steer:-75;;
#steer:-100;;
#steer:-125;;
#steer:-150;;
#steer:-175;;
#steer:-150;;
#steer:-125;;
#steer:-100;;
#steer:-75;;
#steer:-50;;
#steer:-25;;
#steer:0;;
#steer:-25;;
#steer:-50;;
#steer:-75;;
#steer:-100;;
#steer:-125;;
#steer:-150;;
#steer:-175;;
#steer:-150;;
#steer:-125;;
#steer:-100;;
#steer:-75;;
#steer:-50;;
#steer:-25;;
#steer:0;;
#speed:-100;;
#speed:-50;;
#speed:0;;
#kl:0;;
